// Jest Snapshot v1, https://goo.gl/fbAQLP

exports[`<TodoListItem /> should render correctly 1`] = `
"<span className=\\"todo-list-item\\">
  <span className=\\"todo-list-item-label\\" onClick={[Function: mockConstructor]}>
    text
  </span>
  <button type=\\"button\\" className=\\"btn btn-outline-success btn-sm float-right\\" onClick={[Function: mockConstructor]}>
    <i className=\\"fa fa-exclamation\\" />
  </button>
  <button type=\\"button\\" className=\\"btn btn-outline-danger btn-sm float-right\\" onClick={[Function: mockConstructor]}>
    <i className=\\"fa fa-trash-o\\" />
  </button>
</span>"
`;
