// Jest Snapshot v1, https://goo.gl/fbAQLP

exports[`<AppHeader /> should render corectly 1`] = `
"<div className=\\"app-header d-flex\\">
  <h1>
    Todo List
  </h1>
  <h2>
    1
     more to do, 
    1
     done
  </h2>
</div>"
`;
